     1                                  section	.rodata
     2                                  LC0:
     3 00000000 54686520726573756C-     	DB	"The result is:  %u", 10, 0	; Format string
     4 00000009 742069733A20202575-
     5 00000012 0A00               
     6                                  
     7                                  section .bss
     8                                  LC1:
     9 00000000 <res 00000004>          	RESD	1
    10                                  
    11                                  section .text
    12                                  	align 16
    13                                  	global my_func
    14                                  	extern printf
    15                                  
    16                                  my_func:
    17 00000000 55                      	push	ebp
    18 00000001 89E5                    	mov	ebp, esp	; Entry code - set up ebp and esp
    19 00000003 60                      	pusha			; Save registers
    20                                  
    21 00000004 8B4D08                  	mov ecx, dword [ebp+8]	; Get argument (pointer to string)
    22                                  
    23                                  ;       Your code should be here...
    24                                  	
    25 00000007 FF35[00000000]          	push	dword[LC1]		; Call printf with 2 arguments: pointer to str
    26 0000000D 68[00000000]            	push	LC0		; and pointer to format string.
    27 00000012 E8(00000000)            	call	printf
    28 00000017 83C408                  	add 	esp, 8		; Clean up stack after call
    29                                  
    30 0000001A 61                      	popa			; Restore registers
    31 0000001B 89EC                    	mov	esp, ebp	; Function exit code
    32 0000001D 5D                      	pop	ebp
    33 0000001E C3                      	ret
    34                                  
